
23. Executing CHECK pass (checking for obvious problems).
Checking module D2DAdapter...
Warning: Wire D2DAdapter.\io_rdi_plConfigCredit is used but has no driver.
Warning: Wire D2DAdapter.\io_rdi_lpWakeReq is used but has no driver.
Warning: Wire D2DAdapter.\io_rdi_lpStateReq [3] is used but has no driver.
Warning: Wire D2DAdapter.\io_rdi_lpStateReq [2] is used but has no driver.
Warning: Wire D2DAdapter.\io_rdi_lpStateReq [1] is used but has no driver.
Warning: Wire D2DAdapter.\io_rdi_lpStateReq [0] is used but has no driver.
Warning: Wire D2DAdapter.\io_rdi_lpStallAck is used but has no driver.
Warning: Wire D2DAdapter.\io_rdi_lpRetimerCrd is used but has no driver.
Warning: Wire D2DAdapter.\io_rdi_lpLinkError is used but has no driver.
Warning: Wire D2DAdapter.\io_rdi_lpData_valid is used but has no driver.
Warning: Wire D2DAdapter.\io_rdi_lpData_irdy is used but has no driver.
Warning: Wire D2DAdapter.\io_rdi_lpData_bits [63] is used but has no driver.
Warning: Wire D2DAdapter.\io_rdi_lpData_bits [62] is used but has no driver.
Warning: Wire D2DAdapter.\io_rdi_lpData_bits [61] is used but has no driver.
Warning: Wire D2DAdapter.\io_rdi_lpData_bits [60] is used but has no driver.
Warning: Wire D2DAdapter.\io_rdi_lpData_bits [59] is used but has no driver.
Warning: Wire D2DAdapter.\io_rdi_lpData_bits [58] is used but has no driver.
Warning: Wire D2DAdapter.\io_rdi_lpData_bits [57] is used but has no driver.
Warning: Wire D2DAdapter.\io_rdi_lpData_bits [56] is used but has no driver.
Warning: Wire D2DAdapter.\io_rdi_lpData_bits [55] is used but has no driver.
Warning: Wire D2DAdapter.\io_rdi_lpData_bits [54] is used but has no driver.
Warning: Wire D2DAdapter.\io_rdi_lpData_bits [53] is used but has no driver.
Warning: Wire D2DAdapter.\io_rdi_lpData_bits [52] is used but has no driver.
Warning: Wire D2DAdapter.\io_rdi_lpData_bits [51] is used but has no driver.
Warning: Wire D2DAdapter.\io_rdi_lpData_bits [50] is used but has no driver.
Warning: Wire D2DAdapter.\io_rdi_lpData_bits [49] is used but has no driver.
Warning: Wire D2DAdapter.\io_rdi_lpData_bits [48] is used but has no driver.
Warning: Wire D2DAdapter.\io_rdi_lpData_bits [47] is used but has no driver.
Warning: Wire D2DAdapter.\io_rdi_lpData_bits [46] is used but has no driver.
Warning: Wire D2DAdapter.\io_rdi_lpData_bits [45] is used but has no driver.
Warning: Wire D2DAdapter.\io_rdi_lpData_bits [44] is used but has no driver.
Warning: Wire D2DAdapter.\io_rdi_lpData_bits [43] is used but has no driver.
Warning: Wire D2DAdapter.\io_rdi_lpData_bits [42] is used but has no driver.
Warning: Wire D2DAdapter.\io_rdi_lpData_bits [41] is used but has no driver.
Warning: Wire D2DAdapter.\io_rdi_lpData_bits [40] is used but has no driver.
Warning: Wire D2DAdapter.\io_rdi_lpData_bits [39] is used but has no driver.
Warning: Wire D2DAdapter.\io_rdi_lpData_bits [38] is used but has no driver.
Warning: Wire D2DAdapter.\io_rdi_lpData_bits [37] is used but has no driver.
Warning: Wire D2DAdapter.\io_rdi_lpData_bits [36] is used but has no driver.
Warning: Wire D2DAdapter.\io_rdi_lpData_bits [35] is used but has no driver.
Warning: Wire D2DAdapter.\io_rdi_lpData_bits [34] is used but has no driver.
Warning: Wire D2DAdapter.\io_rdi_lpData_bits [33] is used but has no driver.
Warning: Wire D2DAdapter.\io_rdi_lpData_bits [32] is used but has no driver.
Warning: Wire D2DAdapter.\io_rdi_lpData_bits [31] is used but has no driver.
Warning: Wire D2DAdapter.\io_rdi_lpData_bits [30] is used but has no driver.
Warning: Wire D2DAdapter.\io_rdi_lpData_bits [29] is used but has no driver.
Warning: Wire D2DAdapter.\io_rdi_lpData_bits [28] is used but has no driver.
Warning: Wire D2DAdapter.\io_rdi_lpData_bits [27] is used but has no driver.
Warning: Wire D2DAdapter.\io_rdi_lpData_bits [26] is used but has no driver.
Warning: Wire D2DAdapter.\io_rdi_lpData_bits [25] is used but has no driver.
Warning: Wire D2DAdapter.\io_rdi_lpData_bits [24] is used but has no driver.
Warning: Wire D2DAdapter.\io_rdi_lpData_bits [23] is used but has no driver.
Warning: Wire D2DAdapter.\io_rdi_lpData_bits [22] is used but has no driver.
Warning: Wire D2DAdapter.\io_rdi_lpData_bits [21] is used but has no driver.
Warning: Wire D2DAdapter.\io_rdi_lpData_bits [20] is used but has no driver.
Warning: Wire D2DAdapter.\io_rdi_lpData_bits [19] is used but has no driver.
Warning: Wire D2DAdapter.\io_rdi_lpData_bits [18] is used but has no driver.
Warning: Wire D2DAdapter.\io_rdi_lpData_bits [17] is used but has no driver.
Warning: Wire D2DAdapter.\io_rdi_lpData_bits [16] is used but has no driver.
Warning: Wire D2DAdapter.\io_rdi_lpData_bits [15] is used but has no driver.
Warning: Wire D2DAdapter.\io_rdi_lpData_bits [14] is used but has no driver.
Warning: Wire D2DAdapter.\io_rdi_lpData_bits [13] is used but has no driver.
Warning: Wire D2DAdapter.\io_rdi_lpData_bits [12] is used but has no driver.
Warning: Wire D2DAdapter.\io_rdi_lpData_bits [11] is used but has no driver.
Warning: Wire D2DAdapter.\io_rdi_lpData_bits [10] is used but has no driver.
Warning: Wire D2DAdapter.\io_rdi_lpData_bits [9] is used but has no driver.
Warning: Wire D2DAdapter.\io_rdi_lpData_bits [8] is used but has no driver.
Warning: Wire D2DAdapter.\io_rdi_lpData_bits [7] is used but has no driver.
Warning: Wire D2DAdapter.\io_rdi_lpData_bits [6] is used but has no driver.
Warning: Wire D2DAdapter.\io_rdi_lpData_bits [5] is used but has no driver.
Warning: Wire D2DAdapter.\io_rdi_lpData_bits [4] is used but has no driver.
Warning: Wire D2DAdapter.\io_rdi_lpData_bits [3] is used but has no driver.
Warning: Wire D2DAdapter.\io_rdi_lpData_bits [2] is used but has no driver.
Warning: Wire D2DAdapter.\io_rdi_lpData_bits [1] is used but has no driver.
Warning: Wire D2DAdapter.\io_rdi_lpData_bits [0] is used but has no driver.
Warning: Wire D2DAdapter.\io_rdi_lpConfig_valid is used but has no driver.
Warning: Wire D2DAdapter.\io_rdi_lpConfig_bits [31] is used but has no driver.
Warning: Wire D2DAdapter.\io_rdi_lpConfig_bits [30] is used but has no driver.
Warning: Wire D2DAdapter.\io_rdi_lpConfig_bits [29] is used but has no driver.
Warning: Wire D2DAdapter.\io_rdi_lpConfig_bits [28] is used but has no driver.
Warning: Wire D2DAdapter.\io_rdi_lpConfig_bits [27] is used but has no driver.
Warning: Wire D2DAdapter.\io_rdi_lpConfig_bits [26] is used but has no driver.
Warning: Wire D2DAdapter.\io_rdi_lpConfig_bits [25] is used but has no driver.
Warning: Wire D2DAdapter.\io_rdi_lpConfig_bits [24] is used but has no driver.
Warning: Wire D2DAdapter.\io_rdi_lpConfig_bits [23] is used but has no driver.
Warning: Wire D2DAdapter.\io_rdi_lpConfig_bits [22] is used but has no driver.
Warning: Wire D2DAdapter.\io_rdi_lpConfig_bits [21] is used but has no driver.
Warning: Wire D2DAdapter.\io_rdi_lpConfig_bits [20] is used but has no driver.
Warning: Wire D2DAdapter.\io_rdi_lpConfig_bits [19] is used but has no driver.
Warning: Wire D2DAdapter.\io_rdi_lpConfig_bits [18] is used but has no driver.
Warning: Wire D2DAdapter.\io_rdi_lpConfig_bits [17] is used but has no driver.
Warning: Wire D2DAdapter.\io_rdi_lpConfig_bits [16] is used but has no driver.
Warning: Wire D2DAdapter.\io_rdi_lpConfig_bits [15] is used but has no driver.
Warning: Wire D2DAdapter.\io_rdi_lpConfig_bits [14] is used but has no driver.
Warning: Wire D2DAdapter.\io_rdi_lpConfig_bits [13] is used but has no driver.
Warning: Wire D2DAdapter.\io_rdi_lpConfig_bits [12] is used but has no driver.
Warning: Wire D2DAdapter.\io_rdi_lpConfig_bits [11] is used but has no driver.
Warning: Wire D2DAdapter.\io_rdi_lpConfig_bits [10] is used but has no driver.
Warning: Wire D2DAdapter.\io_rdi_lpConfig_bits [9] is used but has no driver.
Warning: Wire D2DAdapter.\io_rdi_lpConfig_bits [8] is used but has no driver.
Warning: Wire D2DAdapter.\io_rdi_lpConfig_bits [7] is used but has no driver.
Warning: Wire D2DAdapter.\io_rdi_lpConfig_bits [6] is used but has no driver.
Warning: Wire D2DAdapter.\io_rdi_lpConfig_bits [5] is used but has no driver.
Warning: Wire D2DAdapter.\io_rdi_lpConfig_bits [4] is used but has no driver.
Warning: Wire D2DAdapter.\io_rdi_lpConfig_bits [3] is used but has no driver.
Warning: Wire D2DAdapter.\io_rdi_lpConfig_bits [2] is used but has no driver.
Warning: Wire D2DAdapter.\io_rdi_lpConfig_bits [1] is used but has no driver.
Warning: Wire D2DAdapter.\io_rdi_lpConfig_bits [0] is used but has no driver.
Warning: Wire D2DAdapter.\io_rdi_lpClkAck is used but has no driver.
Warning: Wire D2DAdapter.\io_fdi_plWakeAck is used but has no driver.
Warning: Wire D2DAdapter.\io_fdi_plTrainError is used but has no driver.
Warning: Wire D2DAdapter.\io_fdi_plStream_protoType [2] is used but has no driver.
Warning: Wire D2DAdapter.\io_fdi_plStream_protoType [1] is used but has no driver.
Warning: Wire D2DAdapter.\io_fdi_plStream_protoType [0] is used but has no driver.
Warning: Wire D2DAdapter.\io_fdi_plStream_protoStack is used but has no driver.
Warning: Wire D2DAdapter.\io_fdi_plStateStatus [3] is used but has no driver.
Warning: Wire D2DAdapter.\io_fdi_plStateStatus [2] is used but has no driver.
Warning: Wire D2DAdapter.\io_fdi_plStateStatus [1] is used but has no driver.
Warning: Wire D2DAdapter.\io_fdi_plStateStatus [0] is used but has no driver.
Warning: Wire D2DAdapter.\io_fdi_plStallReq is used but has no driver.
Warning: Wire D2DAdapter.\io_fdi_plSpeedMode [2] is used but has no driver.
Warning: Wire D2DAdapter.\io_fdi_plSpeedMode [1] is used but has no driver.
Warning: Wire D2DAdapter.\io_fdi_plSpeedMode [0] is used but has no driver.
Warning: Wire D2DAdapter.\io_fdi_plRxActiveReq is used but has no driver.
Warning: Wire D2DAdapter.\io_fdi_plRetimerCrd is used but has no driver.
Warning: Wire D2DAdapter.\io_fdi_plProtocolValid is used but has no driver.
Warning: Wire D2DAdapter.\io_fdi_plProtocolFlitFormat [2] is used but has no driver.
Warning: Wire D2DAdapter.\io_fdi_plProtocolFlitFormat [1] is used but has no driver.
Warning: Wire D2DAdapter.\io_fdi_plProtocolFlitFormat [0] is used but has no driver.
Warning: Wire D2DAdapter.\io_fdi_plProtocol [2] is used but has no driver.
Warning: Wire D2DAdapter.\io_fdi_plProtocol [1] is used but has no driver.
Warning: Wire D2DAdapter.\io_fdi_plProtocol [0] is used but has no driver.
Warning: Wire D2DAdapter.\io_fdi_plPhyInRecenter is used but has no driver.
Warning: Wire D2DAdapter.\io_fdi_plPhyInL2 is used but has no driver.
Warning: Wire D2DAdapter.\io_fdi_plPhyInL1 is used but has no driver.
Warning: Wire D2DAdapter.\io_fdi_plNfError is used but has no driver.
Warning: Wire D2DAdapter.\io_fdi_plLinkWidth [2] is used but has no driver.
Warning: Wire D2DAdapter.\io_fdi_plLinkWidth [1] is used but has no driver.
Warning: Wire D2DAdapter.\io_fdi_plLinkWidth [0] is used but has no driver.
Warning: Wire D2DAdapter.\io_fdi_plInbandPres is used but has no driver.
Warning: Wire D2DAdapter.\io_fdi_plFlitCancel is used but has no driver.
Warning: Wire D2DAdapter.\io_fdi_plError is used but has no driver.
Warning: Wire D2DAdapter.\io_fdi_plDllp_valid is used but has no driver.
Warning: Wire D2DAdapter.\io_fdi_plDllp_bits [7] is used but has no driver.
Warning: Wire D2DAdapter.\io_fdi_plDllp_bits [6] is used but has no driver.
Warning: Wire D2DAdapter.\io_fdi_plDllp_bits [5] is used but has no driver.
Warning: Wire D2DAdapter.\io_fdi_plDllp_bits [4] is used but has no driver.
Warning: Wire D2DAdapter.\io_fdi_plDllp_bits [3] is used but has no driver.
Warning: Wire D2DAdapter.\io_fdi_plDllp_bits [2] is used but has no driver.
Warning: Wire D2DAdapter.\io_fdi_plDllp_bits [1] is used but has no driver.
Warning: Wire D2DAdapter.\io_fdi_plDllp_bits [0] is used but has no driver.
Warning: Wire D2DAdapter.\io_fdi_plDllpOfc is used but has no driver.
Warning: Wire D2DAdapter.\io_fdi_plData_valid is used but has no driver.
Warning: Wire D2DAdapter.\io_fdi_plData_bits [63] is used but has no driver.
Warning: Wire D2DAdapter.\io_fdi_plData_bits [62] is used but has no driver.
Warning: Wire D2DAdapter.\io_fdi_plData_bits [61] is used but has no driver.
Warning: Wire D2DAdapter.\io_fdi_plData_bits [60] is used but has no driver.
Warning: Wire D2DAdapter.\io_fdi_plData_bits [59] is used but has no driver.
Warning: Wire D2DAdapter.\io_fdi_plData_bits [58] is used but has no driver.
Warning: Wire D2DAdapter.\io_fdi_plData_bits [57] is used but has no driver.
Warning: Wire D2DAdapter.\io_fdi_plData_bits [56] is used but has no driver.
Warning: Wire D2DAdapter.\io_fdi_plData_bits [55] is used but has no driver.
Warning: Wire D2DAdapter.\io_fdi_plData_bits [54] is used but has no driver.
Warning: Wire D2DAdapter.\io_fdi_plData_bits [53] is used but has no driver.
Warning: Wire D2DAdapter.\io_fdi_plData_bits [52] is used but has no driver.
Warning: Wire D2DAdapter.\io_fdi_plData_bits [51] is used but has no driver.
Warning: Wire D2DAdapter.\io_fdi_plData_bits [50] is used but has no driver.
Warning: Wire D2DAdapter.\io_fdi_plData_bits [49] is used but has no driver.
Warning: Wire D2DAdapter.\io_fdi_plData_bits [48] is used but has no driver.
Warning: Wire D2DAdapter.\io_fdi_plData_bits [47] is used but has no driver.
Warning: Wire D2DAdapter.\io_fdi_plData_bits [46] is used but has no driver.
Warning: Wire D2DAdapter.\io_fdi_plData_bits [45] is used but has no driver.
Warning: Wire D2DAdapter.\io_fdi_plData_bits [44] is used but has no driver.
Warning: Wire D2DAdapter.\io_fdi_plData_bits [43] is used but has no driver.
Warning: Wire D2DAdapter.\io_fdi_plData_bits [42] is used but has no driver.
Warning: Wire D2DAdapter.\io_fdi_plData_bits [41] is used but has no driver.
Warning: Wire D2DAdapter.\io_fdi_plData_bits [40] is used but has no driver.
Warning: Wire D2DAdapter.\io_fdi_plData_bits [39] is used but has no driver.
Warning: Wire D2DAdapter.\io_fdi_plData_bits [38] is used but has no driver.
Warning: Wire D2DAdapter.\io_fdi_plData_bits [37] is used but has no driver.
Warning: Wire D2DAdapter.\io_fdi_plData_bits [36] is used but has no driver.
Warning: Wire D2DAdapter.\io_fdi_plData_bits [35] is used but has no driver.
Warning: Wire D2DAdapter.\io_fdi_plData_bits [34] is used but has no driver.
Warning: Wire D2DAdapter.\io_fdi_plData_bits [33] is used but has no driver.
Warning: Wire D2DAdapter.\io_fdi_plData_bits [32] is used but has no driver.
Warning: Wire D2DAdapter.\io_fdi_plData_bits [31] is used but has no driver.
Warning: Wire D2DAdapter.\io_fdi_plData_bits [30] is used but has no driver.
Warning: Wire D2DAdapter.\io_fdi_plData_bits [29] is used but has no driver.
Warning: Wire D2DAdapter.\io_fdi_plData_bits [28] is used but has no driver.
Warning: Wire D2DAdapter.\io_fdi_plData_bits [27] is used but has no driver.
Warning: Wire D2DAdapter.\io_fdi_plData_bits [26] is used but has no driver.
Warning: Wire D2DAdapter.\io_fdi_plData_bits [25] is used but has no driver.
Warning: Wire D2DAdapter.\io_fdi_plData_bits [24] is used but has no driver.
Warning: Wire D2DAdapter.\io_fdi_plData_bits [23] is used but has no driver.
Warning: Wire D2DAdapter.\io_fdi_plData_bits [22] is used but has no driver.
Warning: Wire D2DAdapter.\io_fdi_plData_bits [21] is used but has no driver.
Warning: Wire D2DAdapter.\io_fdi_plData_bits [20] is used but has no driver.
Warning: Wire D2DAdapter.\io_fdi_plData_bits [19] is used but has no driver.
Warning: Wire D2DAdapter.\io_fdi_plData_bits [18] is used but has no driver.
Warning: Wire D2DAdapter.\io_fdi_plData_bits [17] is used but has no driver.
Warning: Wire D2DAdapter.\io_fdi_plData_bits [16] is used but has no driver.
Warning: Wire D2DAdapter.\io_fdi_plData_bits [15] is used but has no driver.
Warning: Wire D2DAdapter.\io_fdi_plData_bits [14] is used but has no driver.
Warning: Wire D2DAdapter.\io_fdi_plData_bits [13] is used but has no driver.
Warning: Wire D2DAdapter.\io_fdi_plData_bits [12] is used but has no driver.
Warning: Wire D2DAdapter.\io_fdi_plData_bits [11] is used but has no driver.
Warning: Wire D2DAdapter.\io_fdi_plData_bits [10] is used but has no driver.
Warning: Wire D2DAdapter.\io_fdi_plData_bits [9] is used but has no driver.
Warning: Wire D2DAdapter.\io_fdi_plData_bits [8] is used but has no driver.
Warning: Wire D2DAdapter.\io_fdi_plData_bits [7] is used but has no driver.
Warning: Wire D2DAdapter.\io_fdi_plData_bits [6] is used but has no driver.
Warning: Wire D2DAdapter.\io_fdi_plData_bits [5] is used but has no driver.
Warning: Wire D2DAdapter.\io_fdi_plData_bits [4] is used but has no driver.
Warning: Wire D2DAdapter.\io_fdi_plData_bits [3] is used but has no driver.
Warning: Wire D2DAdapter.\io_fdi_plData_bits [2] is used but has no driver.
Warning: Wire D2DAdapter.\io_fdi_plData_bits [1] is used but has no driver.
Warning: Wire D2DAdapter.\io_fdi_plData_bits [0] is used but has no driver.
Warning: Wire D2DAdapter.\io_fdi_plConfig_valid is used but has no driver.
Warning: Wire D2DAdapter.\io_fdi_plConfig_bits [31] is used but has no driver.
Warning: Wire D2DAdapter.\io_fdi_plConfig_bits [30] is used but has no driver.
Warning: Wire D2DAdapter.\io_fdi_plConfig_bits [29] is used but has no driver.
Warning: Wire D2DAdapter.\io_fdi_plConfig_bits [28] is used but has no driver.
Warning: Wire D2DAdapter.\io_fdi_plConfig_bits [27] is used but has no driver.
Warning: Wire D2DAdapter.\io_fdi_plConfig_bits [26] is used but has no driver.
Warning: Wire D2DAdapter.\io_fdi_plConfig_bits [25] is used but has no driver.
Warning: Wire D2DAdapter.\io_fdi_plConfig_bits [24] is used but has no driver.
Warning: Wire D2DAdapter.\io_fdi_plConfig_bits [23] is used but has no driver.
Warning: Wire D2DAdapter.\io_fdi_plConfig_bits [22] is used but has no driver.
Warning: Wire D2DAdapter.\io_fdi_plConfig_bits [21] is used but has no driver.
Warning: Wire D2DAdapter.\io_fdi_plConfig_bits [20] is used but has no driver.
Warning: Wire D2DAdapter.\io_fdi_plConfig_bits [19] is used but has no driver.
Warning: Wire D2DAdapter.\io_fdi_plConfig_bits [18] is used but has no driver.
Warning: Wire D2DAdapter.\io_fdi_plConfig_bits [17] is used but has no driver.
Warning: Wire D2DAdapter.\io_fdi_plConfig_bits [16] is used but has no driver.
Warning: Wire D2DAdapter.\io_fdi_plConfig_bits [15] is used but has no driver.
Warning: Wire D2DAdapter.\io_fdi_plConfig_bits [14] is used but has no driver.
Warning: Wire D2DAdapter.\io_fdi_plConfig_bits [13] is used but has no driver.
Warning: Wire D2DAdapter.\io_fdi_plConfig_bits [12] is used but has no driver.
Warning: Wire D2DAdapter.\io_fdi_plConfig_bits [11] is used but has no driver.
Warning: Wire D2DAdapter.\io_fdi_plConfig_bits [10] is used but has no driver.
Warning: Wire D2DAdapter.\io_fdi_plConfig_bits [9] is used but has no driver.
Warning: Wire D2DAdapter.\io_fdi_plConfig_bits [8] is used but has no driver.
Warning: Wire D2DAdapter.\io_fdi_plConfig_bits [7] is used but has no driver.
Warning: Wire D2DAdapter.\io_fdi_plConfig_bits [6] is used but has no driver.
Warning: Wire D2DAdapter.\io_fdi_plConfig_bits [5] is used but has no driver.
Warning: Wire D2DAdapter.\io_fdi_plConfig_bits [4] is used but has no driver.
Warning: Wire D2DAdapter.\io_fdi_plConfig_bits [3] is used but has no driver.
Warning: Wire D2DAdapter.\io_fdi_plConfig_bits [2] is used but has no driver.
Warning: Wire D2DAdapter.\io_fdi_plConfig_bits [1] is used but has no driver.
Warning: Wire D2DAdapter.\io_fdi_plConfig_bits [0] is used but has no driver.
Warning: Wire D2DAdapter.\io_fdi_plClkReq is used but has no driver.
Warning: Wire D2DAdapter.\io_fdi_plCerror is used but has no driver.
Warning: Wire D2DAdapter.\io_fdi_lpData_ready is used but has no driver.
Warning: Wire D2DAdapter.\io_fdi_lpConfigCredit is used but has no driver.
Found and reported 254 problems.
